Info: Starting: Create block symbol file (.bsf)
Info: qsys-generate "D:\UNAM\TESIS - SERVICIO SOCIAL\Trabajo\DE10_AudioFun\Effects_Pedal\REVERB.qsys" --block-symbol-file --output-directory="D:\UNAM\TESIS - SERVICIO SOCIAL\Trabajo\DE10_AudioFun\Effects_Pedal\REVERB" --family="MAX 10" --part=10M50DAF484C7G
Progress: Loading Effects_Pedal/REVERB.qsys
Progress: Reading input file
Progress: Adding fir_compiler_ii_0 [altera_fir_compiler_ii 20.1]
Progress: Parameterizing module fir_compiler_ii_0
Progress: Building connections
Progress: Parameterizing connections
Progress: Validating
Progress: Done reading input file
Info: REVERB.fir_compiler_ii_0: PhysChanIn 1, PhysChanOut 1, ChansPerPhyIn 1, ChansPerPhyOut 1, OutputFullBitWidth 43, Bankcount 1, CoefBitWidth 17
Info: qsys-generate succeeded.
Info: Finished: Create block symbol file (.bsf)
Info: 
Info: Starting: Create HDL design files for synthesis
Info: qsys-generate "D:\UNAM\TESIS - SERVICIO SOCIAL\Trabajo\DE10_AudioFun\Effects_Pedal\REVERB.qsys" --synthesis=VHDL --output-directory="D:\UNAM\TESIS - SERVICIO SOCIAL\Trabajo\DE10_AudioFun\Effects_Pedal\REVERB\synthesis" --family="MAX 10" --part=10M50DAF484C7G
Progress: Loading Effects_Pedal/REVERB.qsys
Progress: Reading input file
Progress: Adding fir_compiler_ii_0 [altera_fir_compiler_ii 20.1]
Progress: Parameterizing module fir_compiler_ii_0
Progress: Building connections
Progress: Parameterizing connections
Progress: Validating
Progress: Done reading input file
Info: REVERB.fir_compiler_ii_0: PhysChanIn 1, PhysChanOut 1, ChansPerPhyIn 1, ChansPerPhyOut 1, OutputFullBitWidth 43, Bankcount 1, CoefBitWidth 17
Info: REVERB: Generating REVERB "REVERB" for QUARTUS_SYNTH
Info: fir_compiler_ii_0: PhysChanIn 1, PhysChanOut 1, ChansPerPhyIn 1, ChansPerPhyOut 1, OutputFullBitWidth 43, Bankcount 1, Latency 24, CoefBitWidth 17
Info: fir_compiler_ii_0: "REVERB" instantiated altera_fir_compiler_ii "fir_compiler_ii_0"
Info: REVERB: Done "REVERB" with 2 modules, 63 files
Info: qsys-generate succeeded.
Info: Finished: Create HDL design files for synthesis
