Info: Starting: Create simulation model
Info: qsys-generate "D:\UNAM\TESIS - SERVICIO SOCIAL\Trabajo\DE10_AudioFun\Effects_Pedal\Oscilator.qsys" --simulation=VHDL --allow-mixed-language-simulation --output-directory="D:\UNAM\TESIS - SERVICIO SOCIAL\Trabajo\DE10_AudioFun\Effects_Pedal\Oscilator\simulation" --family="MAX 10" --part=10M50DAF484C7G
Progress: Loading Effects_Pedal/Oscilator.qsys
Progress: Reading input file
Progress: Adding nco_ii_0 [altera_nco_ii 20.1]
Progress: Parameterizing module nco_ii_0
Progress: Building connections
Progress: Parameterizing connections
Progress: Validating
Progress: Done reading input file
Info: Oscilator: Generating Oscilator "Oscilator" for SIM_VHDL
Info: nco_ii_0: "Oscilator" instantiated altera_nco_ii "nco_ii_0"
Info: Oscilator: Done "Oscilator" with 2 modules, 40 files
Info: qsys-generate succeeded.
Info: Finished: Create simulation model
Info: Starting: Create Modelsim Project.
Info: sim-script-gen --spd="D:\UNAM\TESIS - SERVICIO SOCIAL\Trabajo\DE10_AudioFun\Effects_Pedal\Oscilator\Oscilator.spd" --output-directory="D:/UNAM/TESIS - SERVICIO SOCIAL/Trabajo/DE10_AudioFun/Effects_Pedal/Oscilator/simulation/" --use-relative-paths=true
Info: Doing: ip-make-simscript --spd=D:\UNAM\TESIS - SERVICIO SOCIAL\Trabajo\DE10_AudioFun\Effects_Pedal\Oscilator\Oscilator.spd --output-directory=D:/UNAM/TESIS - SERVICIO SOCIAL/Trabajo/DE10_AudioFun/Effects_Pedal/Oscilator/simulation/ --use-relative-paths=true
Info: Generating the following file(s) for MODELSIM simulator in D:/UNAM/TESIS - SERVICIO SOCIAL/Trabajo/DE10_AudioFun/Effects_Pedal/Oscilator/simulation/ directory:
Info: 	mentor/msim_setup.tcl
Info: Skipping VCS script generation since VHDL file $QUARTUS_INSTALL_DIR/eda/sim_lib/altera_syn_attributes.vhd is required for simulation
Info: Generating the following file(s) for VCSMX simulator in D:/UNAM/TESIS - SERVICIO SOCIAL/Trabajo/DE10_AudioFun/Effects_Pedal/Oscilator/simulation/ directory:
Info: 	synopsys/vcsmx/synopsys_sim.setup
Info: 	synopsys/vcsmx/vcsmx_setup.sh
Info: Generating the following file(s) for NCSIM simulator in D:/UNAM/TESIS - SERVICIO SOCIAL/Trabajo/DE10_AudioFun/Effects_Pedal/Oscilator/simulation/ directory:
Info: 	cadence/cds.lib
Info: 	cadence/hdl.var
Info: 	cadence/ncsim_setup.sh
Info: 	1 .cds.lib files in cadence/cds_libs/ directory
Info: Generating the following file(s) for RIVIERA simulator in D:/UNAM/TESIS - SERVICIO SOCIAL/Trabajo/DE10_AudioFun/Effects_Pedal/Oscilator/simulation/ directory:
Info: 	aldec/rivierapro_setup.tcl
Info: For information on how to simulate your IP, see the explanatory comments in the simulator-specific subdirectories under D:/UNAM/TESIS - SERVICIO SOCIAL/Trabajo/DE10_AudioFun/Effects_Pedal/Oscilator/simulation/.
Info: Regenerate these scripts whenever you make any change to any Quartus-generated IP in your project.
Info: Finished: Create Modelsim Project.
Info: Starting: Create block symbol file (.bsf)
Info: qsys-generate "D:\UNAM\TESIS - SERVICIO SOCIAL\Trabajo\DE10_AudioFun\Effects_Pedal\Oscilator.qsys" --block-symbol-file --output-directory="D:\UNAM\TESIS - SERVICIO SOCIAL\Trabajo\DE10_AudioFun\Effects_Pedal\Oscilator" --family="MAX 10" --part=10M50DAF484C7G
Progress: Loading Effects_Pedal/Oscilator.qsys
Progress: Reading input file
Progress: Adding nco_ii_0 [altera_nco_ii 20.1]
Progress: Parameterizing module nco_ii_0
Progress: Building connections
Progress: Parameterizing connections
Progress: Validating
Progress: Done reading input file
Info: qsys-generate succeeded.
Info: Finished: Create block symbol file (.bsf)
Info: 
Info: Starting: Create HDL design files for synthesis
Info: qsys-generate "D:\UNAM\TESIS - SERVICIO SOCIAL\Trabajo\DE10_AudioFun\Effects_Pedal\Oscilator.qsys" --synthesis=VHDL --output-directory="D:\UNAM\TESIS - SERVICIO SOCIAL\Trabajo\DE10_AudioFun\Effects_Pedal\Oscilator\synthesis" --family="MAX 10" --part=10M50DAF484C7G
Progress: Loading Effects_Pedal/Oscilator.qsys
Progress: Reading input file
Progress: Adding nco_ii_0 [altera_nco_ii 20.1]
Progress: Parameterizing module nco_ii_0
Progress: Building connections
Progress: Parameterizing connections
Progress: Validating
Progress: Done reading input file
Info: Oscilator: Generating Oscilator "Oscilator" for QUARTUS_SYNTH
Info: nco_ii_0: "Oscilator" instantiated altera_nco_ii "nco_ii_0"
Info: Oscilator: Done "Oscilator" with 2 modules, 24 files
Info: qsys-generate succeeded.
Info: Finished: Create HDL design files for synthesis
